// Jest Snapshot v1, https://goo.gl/fbAQLP

exports[`should match snapshot 1`] = `
ReactWrapper {
  "length": 1,
  Symbol(enzyme.__unrendered__): <Home(, ) />,
  Symbol(enzyme.__renderer__): Object {
    "batchedUpdates": [Function],
    "getNode": [Function],
    "render": [Function],
    "simulateEvent": [Function],
    "unmount": [Function],
  },
  Symbol(enzyme.__root__): [Circular],
  Symbol(enzyme.__node__): Object {
    "instance": null,
    "key": undefined,
    "nodeType": "function",
    "props": Object {},
    "ref": null,
    "rendered": Object {
      "instance": <div
        class="home-page"
>
        <div
                class="banner"
        >
                <div
                        class="container"
                >
                        <h1
                                class="logo-font"
                        >
                                conduit
                        </h1>
                        <p>
                                A place to share your knowledge.
                        </p>
                </div>
        </div>
        <div
                class="container page"
        >
                <div
                        class="row"
                >
                        <div
                                class="col-md-9"
                        >
                                <div>
                                        Article Listing
                                </div>
                        </div>
                        <div
                                class="col-md-3"
                        >
                                <div>
                                        Popular Tags
                                </div>
                        </div>
                </div>
        </div>
</div>,
      "key": undefined,
      "nodeType": "host",
      "props": Object {
        "children": Array [
          <div
            className="banner"
>
            <div
                        className="container"
            >
                        <h1
                                    className="logo-font"
                        >
                                    conduit
                        </h1>
                        <p>
                                    A place to share your knowledge.
                        </p>
            </div>
</div>,
          <div
            className="container page"
>
            <div
                        className="row"
            >
                        <div
                                    className="col-md-9"
                        >
                                    <Unknown />
                        </div>
                        <div
                                    className="col-md-3"
                        >
                                    <Unknown />
                        </div>
            </div>
</div>,
        ],
        "className": "home-page",
      },
      "ref": null,
      "rendered": Array [
        Object {
          "instance": <div
            class="banner"
>
            <div
                        class="container"
            >
                        <h1
                                    class="logo-font"
                        >
                                    conduit
                        </h1>
                        <p>
                                    A place to share your knowledge.
                        </p>
            </div>
</div>,
          "key": undefined,
          "nodeType": "host",
          "props": Object {
            "children": <div
              className="container"
>
              <h1
                            className="logo-font"
              >
                            conduit
              </h1>
              <p>
                            A place to share your knowledge.
              </p>
</div>,
            "className": "banner",
          },
          "ref": null,
          "rendered": Array [
            Object {
              "instance": <div
                class="container"
>
                <h1
                                class="logo-font"
                >
                                conduit
                </h1>
                <p>
                                A place to share your knowledge.
                </p>
</div>,
              "key": undefined,
              "nodeType": "host",
              "props": Object {
                "children": Array [
                  <h1
                    className="logo-font"
>
                    conduit
</h1>,
                  <p>
                    A place to share your knowledge.
</p>,
                ],
                "className": "container",
              },
              "ref": null,
              "rendered": Array [
                Object {
                  "instance": <h1
                    class="logo-font"
>
                    conduit
</h1>,
                  "key": undefined,
                  "nodeType": "host",
                  "props": Object {
                    "children": "conduit",
                    "className": "logo-font",
                  },
                  "ref": null,
                  "rendered": Array [
                    "conduit",
                  ],
                  "type": "h1",
                },
                Object {
                  "instance": <p>
                    A place to share your knowledge.
</p>,
                  "key": undefined,
                  "nodeType": "host",
                  "props": Object {
                    "children": "A place to share your knowledge.",
                  },
                  "ref": null,
                  "rendered": Array [
                    "A place to share your knowledge.",
                  ],
                  "type": "p",
                },
              ],
              "type": "div",
            },
          ],
          "type": "div",
        },
        Object {
          "instance": <div
            class="container page"
>
            <div
                        class="row"
            >
                        <div
                                    class="col-md-9"
                        >
                                    <div>
                                                Article Listing
                                    </div>
                        </div>
                        <div
                                    class="col-md-3"
                        >
                                    <div>
                                                Popular Tags
                                    </div>
                        </div>
            </div>
</div>,
          "key": undefined,
          "nodeType": "host",
          "props": Object {
            "children": <div
              className="row"
>
              <div
                            className="col-md-9"
              >
                            <Unknown />
              </div>
              <div
                            className="col-md-3"
              >
                            <Unknown />
              </div>
</div>,
            "className": "container page",
          },
          "ref": null,
          "rendered": Array [
            Object {
              "instance": <div
                class="row"
>
                <div
                                class="col-md-9"
                >
                                <div>
                                                Article Listing
                                </div>
                </div>
                <div
                                class="col-md-3"
                >
                                <div>
                                                Popular Tags
                                </div>
                </div>
</div>,
              "key": undefined,
              "nodeType": "host",
              "props": Object {
                "children": Array [
                  <div
                    className="col-md-9"
>
                    <Unknown />
</div>,
                  <div
                    className="col-md-3"
>
                    <Unknown />
</div>,
                ],
                "className": "row",
              },
              "ref": null,
              "rendered": Array [
                Object {
                  "instance": <div
                    class="col-md-9"
>
                    <div>
                                        Article Listing
                    </div>
</div>,
                  "key": undefined,
                  "nodeType": "host",
                  "props": Object {
                    "children": <Unknown />,
                    "className": "col-md-9",
                  },
                  "ref": null,
                  "rendered": Array [
                    Object {
                      "instance": null,
                      "key": undefined,
                      "nodeType": "function",
                      "props": Object {},
                      "ref": null,
                      "rendered": Object {
                        "instance": <div>
                          Article Listing
</div>,
                        "key": undefined,
                        "nodeType": "host",
                        "props": Object {
                          "children": "Article Listing",
                        },
                        "ref": null,
                        "rendered": Array [
                          "Article Listing",
                        ],
                        "type": "div",
                      },
                      "type": [Function],
                    },
                  ],
                  "type": "div",
                },
                Object {
                  "instance": <div
                    class="col-md-3"
>
                    <div>
                                        Popular Tags
                    </div>
</div>,
                  "key": undefined,
                  "nodeType": "host",
                  "props": Object {
                    "children": <Unknown />,
                    "className": "col-md-3",
                  },
                  "ref": null,
                  "rendered": Array [
                    Object {
                      "instance": null,
                      "key": undefined,
                      "nodeType": "function",
                      "props": Object {},
                      "ref": null,
                      "rendered": Object {
                        "instance": <div>
                          Popular Tags
</div>,
                        "key": undefined,
                        "nodeType": "host",
                        "props": Object {
                          "children": "Popular Tags",
                        },
                        "ref": null,
                        "rendered": Array [
                          "Popular Tags",
                        ],
                        "type": "div",
                      },
                      "type": [Function],
                    },
                  ],
                  "type": "div",
                },
              ],
              "type": "div",
            },
          ],
          "type": "div",
        },
      ],
      "type": "div",
    },
    "type": [Function],
  },
  Symbol(enzyme.__nodes__): Array [
    Object {
      "instance": null,
      "key": undefined,
      "nodeType": "function",
      "props": Object {},
      "ref": null,
      "rendered": Object {
        "instance": <div
          class="home-page"
>
          <div
                    class="banner"
          >
                    <div
                              class="container"
                    >
                              <h1
                                        class="logo-font"
                              >
                                        conduit
                              </h1>
                              <p>
                                        A place to share your knowledge.
                              </p>
                    </div>
          </div>
          <div
                    class="container page"
          >
                    <div
                              class="row"
                    >
                              <div
                                        class="col-md-9"
                              >
                                        <div>
                                                  Article Listing
                                        </div>
                              </div>
                              <div
                                        class="col-md-3"
                              >
                                        <div>
                                                  Popular Tags
                                        </div>
                              </div>
                    </div>
          </div>
</div>,
        "key": undefined,
        "nodeType": "host",
        "props": Object {
          "children": Array [
            <div
              className="banner"
>
              <div
                            className="container"
              >
                            <h1
                                          className="logo-font"
                            >
                                          conduit
                            </h1>
                            <p>
                                          A place to share your knowledge.
                            </p>
              </div>
</div>,
            <div
              className="container page"
>
              <div
                            className="row"
              >
                            <div
                                          className="col-md-9"
                            >
                                          <Unknown />
                            </div>
                            <div
                                          className="col-md-3"
                            >
                                          <Unknown />
                            </div>
              </div>
</div>,
          ],
          "className": "home-page",
        },
        "ref": null,
        "rendered": Array [
          Object {
            "instance": <div
              class="banner"
>
              <div
                            class="container"
              >
                            <h1
                                          class="logo-font"
                            >
                                          conduit
                            </h1>
                            <p>
                                          A place to share your knowledge.
                            </p>
              </div>
</div>,
            "key": undefined,
            "nodeType": "host",
            "props": Object {
              "children": <div
                className="container"
>
                <h1
                                className="logo-font"
                >
                                conduit
                </h1>
                <p>
                                A place to share your knowledge.
                </p>
</div>,
              "className": "banner",
            },
            "ref": null,
            "rendered": Array [
              Object {
                "instance": <div
                  class="container"
>
                  <h1
                                    class="logo-font"
                  >
                                    conduit
                  </h1>
                  <p>
                                    A place to share your knowledge.
                  </p>
</div>,
                "key": undefined,
                "nodeType": "host",
                "props": Object {
                  "children": Array [
                    <h1
                      className="logo-font"
>
                      conduit
</h1>,
                    <p>
                      A place to share your knowledge.
</p>,
                  ],
                  "className": "container",
                },
                "ref": null,
                "rendered": Array [
                  Object {
                    "instance": <h1
                      class="logo-font"
>
                      conduit
</h1>,
                    "key": undefined,
                    "nodeType": "host",
                    "props": Object {
                      "children": "conduit",
                      "className": "logo-font",
                    },
                    "ref": null,
                    "rendered": Array [
                      "conduit",
                    ],
                    "type": "h1",
                  },
                  Object {
                    "instance": <p>
                      A place to share your knowledge.
</p>,
                    "key": undefined,
                    "nodeType": "host",
                    "props": Object {
                      "children": "A place to share your knowledge.",
                    },
                    "ref": null,
                    "rendered": Array [
                      "A place to share your knowledge.",
                    ],
                    "type": "p",
                  },
                ],
                "type": "div",
              },
            ],
            "type": "div",
          },
          Object {
            "instance": <div
              class="container page"
>
              <div
                            class="row"
              >
                            <div
                                          class="col-md-9"
                            >
                                          <div>
                                                        Article Listing
                                          </div>
                            </div>
                            <div
                                          class="col-md-3"
                            >
                                          <div>
                                                        Popular Tags
                                          </div>
                            </div>
              </div>
</div>,
            "key": undefined,
            "nodeType": "host",
            "props": Object {
              "children": <div
                className="row"
>
                <div
                                className="col-md-9"
                >
                                <Unknown />
                </div>
                <div
                                className="col-md-3"
                >
                                <Unknown />
                </div>
</div>,
              "className": "container page",
            },
            "ref": null,
            "rendered": Array [
              Object {
                "instance": <div
                  class="row"
>
                  <div
                                    class="col-md-9"
                  >
                                    <div>
                                                      Article Listing
                                    </div>
                  </div>
                  <div
                                    class="col-md-3"
                  >
                                    <div>
                                                      Popular Tags
                                    </div>
                  </div>
</div>,
                "key": undefined,
                "nodeType": "host",
                "props": Object {
                  "children": Array [
                    <div
                      className="col-md-9"
>
                      <Unknown />
</div>,
                    <div
                      className="col-md-3"
>
                      <Unknown />
</div>,
                  ],
                  "className": "row",
                },
                "ref": null,
                "rendered": Array [
                  Object {
                    "instance": <div
                      class="col-md-9"
>
                      <div>
                                            Article Listing
                      </div>
</div>,
                    "key": undefined,
                    "nodeType": "host",
                    "props": Object {
                      "children": <Unknown />,
                      "className": "col-md-9",
                    },
                    "ref": null,
                    "rendered": Array [
                      Object {
                        "instance": null,
                        "key": undefined,
                        "nodeType": "function",
                        "props": Object {},
                        "ref": null,
                        "rendered": Object {
                          "instance": <div>
                            Article Listing
</div>,
                          "key": undefined,
                          "nodeType": "host",
                          "props": Object {
                            "children": "Article Listing",
                          },
                          "ref": null,
                          "rendered": Array [
                            "Article Listing",
                          ],
                          "type": "div",
                        },
                        "type": [Function],
                      },
                    ],
                    "type": "div",
                  },
                  Object {
                    "instance": <div
                      class="col-md-3"
>
                      <div>
                                            Popular Tags
                      </div>
</div>,
                    "key": undefined,
                    "nodeType": "host",
                    "props": Object {
                      "children": <Unknown />,
                      "className": "col-md-3",
                    },
                    "ref": null,
                    "rendered": Array [
                      Object {
                        "instance": null,
                        "key": undefined,
                        "nodeType": "function",
                        "props": Object {},
                        "ref": null,
                        "rendered": Object {
                          "instance": <div>
                            Popular Tags
</div>,
                          "key": undefined,
                          "nodeType": "host",
                          "props": Object {
                            "children": "Popular Tags",
                          },
                          "ref": null,
                          "rendered": Array [
                            "Popular Tags",
                          ],
                          "type": "div",
                        },
                        "type": [Function],
                      },
                    ],
                    "type": "div",
                  },
                ],
                "type": "div",
              },
            ],
            "type": "div",
          },
        ],
        "type": "div",
      },
      "type": [Function],
    },
  ],
  Symbol(enzyme.__options__): Object {
    "adapter": ReactSixteenAdapter {
      "options": Object {
        "enableComponentDidUpdateOnSetState": true,
      },
    },
  },
}
`;
