// Jest Snapshot v1, https://goo.gl/fbAQLP

exports[`should match snapshot 1`] = `
ReactWrapper {
  "length": 1,
  Symbol(enzyme.__unrendered__): <PopularTags()
    onTagClicked={[Function]}
    tags={
        Array [
            "programming",
            "reactjs",
          ]
    }
/>,
  Symbol(enzyme.__renderer__): Object {
    "batchedUpdates": [Function],
    "getNode": [Function],
    "render": [Function],
    "simulateEvent": [Function],
    "unmount": [Function],
  },
  Symbol(enzyme.__root__): [Circular],
  Symbol(enzyme.__node__): Object {
    "instance": null,
    "key": undefined,
    "nodeType": "function",
    "props": Object {
      "onTagClicked": [Function],
      "tags": Array [
        "programming",
        "reactjs",
      ],
    },
    "ref": null,
    "rendered": Object {
      "instance": <div
        class="sidebar"
>
        <p>
                Popular Tags
        </p>
        <div
                class="tag-list"
        >
                <button
                        type="button"
                        class="tag-pill tag-default"
                >
                        programming
                </button>
                <button
                        type="button"
                        class="tag-pill tag-default"
                >
                        reactjs
                </button>
        </div>
</div>,
      "key": undefined,
      "nodeType": "host",
      "props": Object {
        "children": Array [
          <p>
            Popular Tags
</p>,
          <div
            className="tag-list"
>
            <button
                        className="tag-pill tag-default"
                        onClick={[Function]}
                        type="button"
            >
                        programming
            </button>
            <button
                        className="tag-pill tag-default"
                        onClick={[Function]}
                        type="button"
            >
                        reactjs
            </button>
</div>,
        ],
        "className": "sidebar",
      },
      "ref": null,
      "rendered": Array [
        Object {
          "instance": <p>
            Popular Tags
</p>,
          "key": undefined,
          "nodeType": "host",
          "props": Object {
            "children": "Popular Tags",
          },
          "ref": null,
          "rendered": Array [
            "Popular Tags",
          ],
          "type": "p",
        },
        Object {
          "instance": <div
            class="tag-list"
>
            <button
                        type="button"
                        class="tag-pill tag-default"
            >
                        programming
            </button>
            <button
                        type="button"
                        class="tag-pill tag-default"
            >
                        reactjs
            </button>
</div>,
          "key": undefined,
          "nodeType": "host",
          "props": Object {
            "children": Array [
              <button
                className="tag-pill tag-default"
                onClick={[Function]}
                type="button"
>
                programming
</button>,
              <button
                className="tag-pill tag-default"
                onClick={[Function]}
                type="button"
>
                reactjs
</button>,
            ],
            "className": "tag-list",
          },
          "ref": null,
          "rendered": Array [
            Object {
              "instance": <button
                type="button"
                class="tag-pill tag-default"
>
                programming
</button>,
              "key": "programming",
              "nodeType": "host",
              "props": Object {
                "children": "programming",
                "className": "tag-pill tag-default",
                "onClick": [Function],
                "type": "button",
              },
              "ref": null,
              "rendered": Array [
                "programming",
              ],
              "type": "button",
            },
            Object {
              "instance": <button
                type="button"
                class="tag-pill tag-default"
>
                reactjs
</button>,
              "key": "reactjs",
              "nodeType": "host",
              "props": Object {
                "children": "reactjs",
                "className": "tag-pill tag-default",
                "onClick": [Function],
                "type": "button",
              },
              "ref": null,
              "rendered": Array [
                "reactjs",
              ],
              "type": "button",
            },
          ],
          "type": "div",
        },
      ],
      "type": "div",
    },
    "type": [Function],
  },
  Symbol(enzyme.__nodes__): Array [
    Object {
      "instance": null,
      "key": undefined,
      "nodeType": "function",
      "props": Object {
        "onTagClicked": [Function],
        "tags": Array [
          "programming",
          "reactjs",
        ],
      },
      "ref": null,
      "rendered": Object {
        "instance": <div
          class="sidebar"
>
          <p>
                    Popular Tags
          </p>
          <div
                    class="tag-list"
          >
                    <button
                              type="button"
                              class="tag-pill tag-default"
                    >
                              programming
                    </button>
                    <button
                              type="button"
                              class="tag-pill tag-default"
                    >
                              reactjs
                    </button>
          </div>
</div>,
        "key": undefined,
        "nodeType": "host",
        "props": Object {
          "children": Array [
            <p>
              Popular Tags
</p>,
            <div
              className="tag-list"
>
              <button
                            className="tag-pill tag-default"
                            onClick={[Function]}
                            type="button"
              >
                            programming
              </button>
              <button
                            className="tag-pill tag-default"
                            onClick={[Function]}
                            type="button"
              >
                            reactjs
              </button>
</div>,
          ],
          "className": "sidebar",
        },
        "ref": null,
        "rendered": Array [
          Object {
            "instance": <p>
              Popular Tags
</p>,
            "key": undefined,
            "nodeType": "host",
            "props": Object {
              "children": "Popular Tags",
            },
            "ref": null,
            "rendered": Array [
              "Popular Tags",
            ],
            "type": "p",
          },
          Object {
            "instance": <div
              class="tag-list"
>
              <button
                            type="button"
                            class="tag-pill tag-default"
              >
                            programming
              </button>
              <button
                            type="button"
                            class="tag-pill tag-default"
              >
                            reactjs
              </button>
</div>,
            "key": undefined,
            "nodeType": "host",
            "props": Object {
              "children": Array [
                <button
                  className="tag-pill tag-default"
                  onClick={[Function]}
                  type="button"
>
                  programming
</button>,
                <button
                  className="tag-pill tag-default"
                  onClick={[Function]}
                  type="button"
>
                  reactjs
</button>,
              ],
              "className": "tag-list",
            },
            "ref": null,
            "rendered": Array [
              Object {
                "instance": <button
                  type="button"
                  class="tag-pill tag-default"
>
                  programming
</button>,
                "key": "programming",
                "nodeType": "host",
                "props": Object {
                  "children": "programming",
                  "className": "tag-pill tag-default",
                  "onClick": [Function],
                  "type": "button",
                },
                "ref": null,
                "rendered": Array [
                  "programming",
                ],
                "type": "button",
              },
              Object {
                "instance": <button
                  type="button"
                  class="tag-pill tag-default"
>
                  reactjs
</button>,
                "key": "reactjs",
                "nodeType": "host",
                "props": Object {
                  "children": "reactjs",
                  "className": "tag-pill tag-default",
                  "onClick": [Function],
                  "type": "button",
                },
                "ref": null,
                "rendered": Array [
                  "reactjs",
                ],
                "type": "button",
              },
            ],
            "type": "div",
          },
        ],
        "type": "div",
      },
      "type": [Function],
    },
  ],
  Symbol(enzyme.__options__): Object {
    "adapter": ReactSixteenAdapter {
      "options": Object {
        "enableComponentDidUpdateOnSetState": true,
      },
    },
  },
}
`;
