// Jest Snapshot v1, https://goo.gl/fbAQLP

exports[`should match snapshot 1`] = `
ReactWrapper {
  "length": 1,
  Symbol(enzyme.__unrendered__): <PopularTags(TestLink)
    tags={
        Array [
            Object {
              "link": "/programming",
              "name": "programming",
            },
            Object {
              "link": "/reactjs",
              "name": "reactjs",
            },
          ]
    }
/>,
  Symbol(enzyme.__renderer__): Object {
    "batchedUpdates": [Function],
    "getNode": [Function],
    "render": [Function],
    "simulateEvent": [Function],
    "unmount": [Function],
  },
  Symbol(enzyme.__root__): [Circular],
  Symbol(enzyme.__node__): Object {
    "instance": null,
    "key": undefined,
    "nodeType": "function",
    "props": Object {
      "tags": Array [
        Object {
          "link": "/programming",
          "name": "programming",
        },
        Object {
          "link": "/reactjs",
          "name": "reactjs",
        },
      ],
    },
    "ref": null,
    "rendered": Object {
      "instance": <div
        class="sidebar"
>
        <p>
                Popular Tags
        </p>
        <div
                class="tag-list"
        >
                <a
                        href="/programming"
                        class="tag-pill tag-default"
                >
                        programming
                </a>
                <a
                        href="/reactjs"
                        class="tag-pill tag-default"
                >
                        reactjs
                </a>
        </div>
</div>,
      "key": undefined,
      "nodeType": "host",
      "props": Object {
        "children": Array [
          <p>
            Popular Tags
</p>,
          <div
            className="tag-list"
>
            <TestLink
                        className="tag-pill tag-default"
                        to="/programming"
            >
                        programming
            </TestLink>
            <TestLink
                        className="tag-pill tag-default"
                        to="/reactjs"
            >
                        reactjs
            </TestLink>
</div>,
        ],
        "className": "sidebar",
      },
      "ref": null,
      "rendered": Array [
        Object {
          "instance": <p>
            Popular Tags
</p>,
          "key": undefined,
          "nodeType": "host",
          "props": Object {
            "children": "Popular Tags",
          },
          "ref": null,
          "rendered": Array [
            "Popular Tags",
          ],
          "type": "p",
        },
        Object {
          "instance": <div
            class="tag-list"
>
            <a
                        href="/programming"
                        class="tag-pill tag-default"
            >
                        programming
            </a>
            <a
                        href="/reactjs"
                        class="tag-pill tag-default"
            >
                        reactjs
            </a>
</div>,
          "key": undefined,
          "nodeType": "host",
          "props": Object {
            "children": Array [
              <TestLink
                className="tag-pill tag-default"
                to="/programming"
>
                programming
</TestLink>,
              <TestLink
                className="tag-pill tag-default"
                to="/reactjs"
>
                reactjs
</TestLink>,
            ],
            "className": "tag-list",
          },
          "ref": null,
          "rendered": Array [
            Object {
              "instance": null,
              "key": "programming",
              "nodeType": "function",
              "props": Object {
                "children": "programming",
                "className": "tag-pill tag-default",
                "to": "/programming",
              },
              "ref": null,
              "rendered": Object {
                "instance": <a
                  href="/programming"
                  class="tag-pill tag-default"
>
                  programming
</a>,
                "key": undefined,
                "nodeType": "host",
                "props": Object {
                  "children": "programming",
                  "className": "tag-pill tag-default",
                  "href": "/programming",
                },
                "ref": null,
                "rendered": Array [
                  "programming",
                ],
                "type": "a",
              },
              "type": [Function],
            },
            Object {
              "instance": null,
              "key": "reactjs",
              "nodeType": "function",
              "props": Object {
                "children": "reactjs",
                "className": "tag-pill tag-default",
                "to": "/reactjs",
              },
              "ref": null,
              "rendered": Object {
                "instance": <a
                  href="/reactjs"
                  class="tag-pill tag-default"
>
                  reactjs
</a>,
                "key": undefined,
                "nodeType": "host",
                "props": Object {
                  "children": "reactjs",
                  "className": "tag-pill tag-default",
                  "href": "/reactjs",
                },
                "ref": null,
                "rendered": Array [
                  "reactjs",
                ],
                "type": "a",
              },
              "type": [Function],
            },
          ],
          "type": "div",
        },
      ],
      "type": "div",
    },
    "type": [Function],
  },
  Symbol(enzyme.__nodes__): Array [
    Object {
      "instance": null,
      "key": undefined,
      "nodeType": "function",
      "props": Object {
        "tags": Array [
          Object {
            "link": "/programming",
            "name": "programming",
          },
          Object {
            "link": "/reactjs",
            "name": "reactjs",
          },
        ],
      },
      "ref": null,
      "rendered": Object {
        "instance": <div
          class="sidebar"
>
          <p>
                    Popular Tags
          </p>
          <div
                    class="tag-list"
          >
                    <a
                              href="/programming"
                              class="tag-pill tag-default"
                    >
                              programming
                    </a>
                    <a
                              href="/reactjs"
                              class="tag-pill tag-default"
                    >
                              reactjs
                    </a>
          </div>
</div>,
        "key": undefined,
        "nodeType": "host",
        "props": Object {
          "children": Array [
            <p>
              Popular Tags
</p>,
            <div
              className="tag-list"
>
              <TestLink
                            className="tag-pill tag-default"
                            to="/programming"
              >
                            programming
              </TestLink>
              <TestLink
                            className="tag-pill tag-default"
                            to="/reactjs"
              >
                            reactjs
              </TestLink>
</div>,
          ],
          "className": "sidebar",
        },
        "ref": null,
        "rendered": Array [
          Object {
            "instance": <p>
              Popular Tags
</p>,
            "key": undefined,
            "nodeType": "host",
            "props": Object {
              "children": "Popular Tags",
            },
            "ref": null,
            "rendered": Array [
              "Popular Tags",
            ],
            "type": "p",
          },
          Object {
            "instance": <div
              class="tag-list"
>
              <a
                            href="/programming"
                            class="tag-pill tag-default"
              >
                            programming
              </a>
              <a
                            href="/reactjs"
                            class="tag-pill tag-default"
              >
                            reactjs
              </a>
</div>,
            "key": undefined,
            "nodeType": "host",
            "props": Object {
              "children": Array [
                <TestLink
                  className="tag-pill tag-default"
                  to="/programming"
>
                  programming
</TestLink>,
                <TestLink
                  className="tag-pill tag-default"
                  to="/reactjs"
>
                  reactjs
</TestLink>,
              ],
              "className": "tag-list",
            },
            "ref": null,
            "rendered": Array [
              Object {
                "instance": null,
                "key": "programming",
                "nodeType": "function",
                "props": Object {
                  "children": "programming",
                  "className": "tag-pill tag-default",
                  "to": "/programming",
                },
                "ref": null,
                "rendered": Object {
                  "instance": <a
                    href="/programming"
                    class="tag-pill tag-default"
>
                    programming
</a>,
                  "key": undefined,
                  "nodeType": "host",
                  "props": Object {
                    "children": "programming",
                    "className": "tag-pill tag-default",
                    "href": "/programming",
                  },
                  "ref": null,
                  "rendered": Array [
                    "programming",
                  ],
                  "type": "a",
                },
                "type": [Function],
              },
              Object {
                "instance": null,
                "key": "reactjs",
                "nodeType": "function",
                "props": Object {
                  "children": "reactjs",
                  "className": "tag-pill tag-default",
                  "to": "/reactjs",
                },
                "ref": null,
                "rendered": Object {
                  "instance": <a
                    href="/reactjs"
                    class="tag-pill tag-default"
>
                    reactjs
</a>,
                  "key": undefined,
                  "nodeType": "host",
                  "props": Object {
                    "children": "reactjs",
                    "className": "tag-pill tag-default",
                    "href": "/reactjs",
                  },
                  "ref": null,
                  "rendered": Array [
                    "reactjs",
                  ],
                  "type": "a",
                },
                "type": [Function],
              },
            ],
            "type": "div",
          },
        ],
        "type": "div",
      },
      "type": [Function],
    },
  ],
  Symbol(enzyme.__options__): Object {
    "adapter": ReactSixteenAdapter {
      "options": Object {
        "enableComponentDidUpdateOnSetState": true,
      },
    },
  },
}
`;
