// Jest Snapshot v1, https://goo.gl/fbAQLP

exports[`should match snapshot 1`] = `
ReactWrapper {
  "length": 1,
  Symbol(enzyme.__unrendered__): <FeedPicker />,
  Symbol(enzyme.__renderer__): Object {
    "batchedUpdates": [Function],
    "getNode": [Function],
    "render": [Function],
    "simulateEvent": [Function],
    "unmount": [Function],
  },
  Symbol(enzyme.__root__): [Circular],
  Symbol(enzyme.__node__): Object {
    "instance": null,
    "key": undefined,
    "nodeType": "function",
    "props": Object {},
    "ref": null,
    "rendered": Object {
      "instance": <div
        class="feed-toggle"
>
        <ul
                class="nav nav-pills outline-active"
        >
                <li
                        class="nav-item"
                >
                        <a
                                class="nav-link disabled"
                                href=""
                        >
                                Your Feed
                        </a>
                </li>
                <li
                        class="nav-item"
                >
                        <a
                                class="nav-link active"
                                href=""
                        >
                                Global Feed
                        </a>
                </li>
        </ul>
</div>,
      "key": undefined,
      "nodeType": "host",
      "props": Object {
        "children": <ul
          className="nav nav-pills outline-active"
>
          <li
                    className="nav-item"
          >
                    <a
                              className="nav-link disabled"
                              href=""
                    >
                              Your Feed
                    </a>
          </li>
          <li
                    className="nav-item"
          >
                    <a
                              className="nav-link active"
                              href=""
                    >
                              Global Feed
                    </a>
          </li>
</ul>,
        "className": "feed-toggle",
      },
      "ref": null,
      "rendered": Array [
        Object {
          "instance": <ul
            class="nav nav-pills outline-active"
>
            <li
                        class="nav-item"
            >
                        <a
                                    class="nav-link disabled"
                                    href=""
                        >
                                    Your Feed
                        </a>
            </li>
            <li
                        class="nav-item"
            >
                        <a
                                    class="nav-link active"
                                    href=""
                        >
                                    Global Feed
                        </a>
            </li>
</ul>,
          "key": undefined,
          "nodeType": "host",
          "props": Object {
            "children": Array [
              <li
                className="nav-item"
>
                <a
                                className="nav-link disabled"
                                href=""
                >
                                Your Feed
                </a>
</li>,
              <li
                className="nav-item"
>
                <a
                                className="nav-link active"
                                href=""
                >
                                Global Feed
                </a>
</li>,
            ],
            "className": "nav nav-pills outline-active",
          },
          "ref": null,
          "rendered": Array [
            Object {
              "instance": <li
                class="nav-item"
>
                <a
                                class="nav-link disabled"
                                href=""
                >
                                Your Feed
                </a>
</li>,
              "key": undefined,
              "nodeType": "host",
              "props": Object {
                "children": <a
                  className="nav-link disabled"
                  href=""
>
                  Your Feed
</a>,
                "className": "nav-item",
              },
              "ref": null,
              "rendered": Array [
                Object {
                  "instance": <a
                    class="nav-link disabled"
                    href=""
>
                    Your Feed
</a>,
                  "key": undefined,
                  "nodeType": "host",
                  "props": Object {
                    "children": "Your Feed",
                    "className": "nav-link disabled",
                    "href": "",
                  },
                  "ref": null,
                  "rendered": Array [
                    "Your Feed",
                  ],
                  "type": "a",
                },
              ],
              "type": "li",
            },
            Object {
              "instance": <li
                class="nav-item"
>
                <a
                                class="nav-link active"
                                href=""
                >
                                Global Feed
                </a>
</li>,
              "key": undefined,
              "nodeType": "host",
              "props": Object {
                "children": <a
                  className="nav-link active"
                  href=""
>
                  Global Feed
</a>,
                "className": "nav-item",
              },
              "ref": null,
              "rendered": Array [
                Object {
                  "instance": <a
                    class="nav-link active"
                    href=""
>
                    Global Feed
</a>,
                  "key": undefined,
                  "nodeType": "host",
                  "props": Object {
                    "children": "Global Feed",
                    "className": "nav-link active",
                    "href": "",
                  },
                  "ref": null,
                  "rendered": Array [
                    "Global Feed",
                  ],
                  "type": "a",
                },
              ],
              "type": "li",
            },
          ],
          "type": "ul",
        },
      ],
      "type": "div",
    },
    "type": [Function],
  },
  Symbol(enzyme.__nodes__): Array [
    Object {
      "instance": null,
      "key": undefined,
      "nodeType": "function",
      "props": Object {},
      "ref": null,
      "rendered": Object {
        "instance": <div
          class="feed-toggle"
>
          <ul
                    class="nav nav-pills outline-active"
          >
                    <li
                              class="nav-item"
                    >
                              <a
                                        class="nav-link disabled"
                                        href=""
                              >
                                        Your Feed
                              </a>
                    </li>
                    <li
                              class="nav-item"
                    >
                              <a
                                        class="nav-link active"
                                        href=""
                              >
                                        Global Feed
                              </a>
                    </li>
          </ul>
</div>,
        "key": undefined,
        "nodeType": "host",
        "props": Object {
          "children": <ul
            className="nav nav-pills outline-active"
>
            <li
                        className="nav-item"
            >
                        <a
                                    className="nav-link disabled"
                                    href=""
                        >
                                    Your Feed
                        </a>
            </li>
            <li
                        className="nav-item"
            >
                        <a
                                    className="nav-link active"
                                    href=""
                        >
                                    Global Feed
                        </a>
            </li>
</ul>,
          "className": "feed-toggle",
        },
        "ref": null,
        "rendered": Array [
          Object {
            "instance": <ul
              class="nav nav-pills outline-active"
>
              <li
                            class="nav-item"
              >
                            <a
                                          class="nav-link disabled"
                                          href=""
                            >
                                          Your Feed
                            </a>
              </li>
              <li
                            class="nav-item"
              >
                            <a
                                          class="nav-link active"
                                          href=""
                            >
                                          Global Feed
                            </a>
              </li>
</ul>,
            "key": undefined,
            "nodeType": "host",
            "props": Object {
              "children": Array [
                <li
                  className="nav-item"
>
                  <a
                                    className="nav-link disabled"
                                    href=""
                  >
                                    Your Feed
                  </a>
</li>,
                <li
                  className="nav-item"
>
                  <a
                                    className="nav-link active"
                                    href=""
                  >
                                    Global Feed
                  </a>
</li>,
              ],
              "className": "nav nav-pills outline-active",
            },
            "ref": null,
            "rendered": Array [
              Object {
                "instance": <li
                  class="nav-item"
>
                  <a
                                    class="nav-link disabled"
                                    href=""
                  >
                                    Your Feed
                  </a>
</li>,
                "key": undefined,
                "nodeType": "host",
                "props": Object {
                  "children": <a
                    className="nav-link disabled"
                    href=""
>
                    Your Feed
</a>,
                  "className": "nav-item",
                },
                "ref": null,
                "rendered": Array [
                  Object {
                    "instance": <a
                      class="nav-link disabled"
                      href=""
>
                      Your Feed
</a>,
                    "key": undefined,
                    "nodeType": "host",
                    "props": Object {
                      "children": "Your Feed",
                      "className": "nav-link disabled",
                      "href": "",
                    },
                    "ref": null,
                    "rendered": Array [
                      "Your Feed",
                    ],
                    "type": "a",
                  },
                ],
                "type": "li",
              },
              Object {
                "instance": <li
                  class="nav-item"
>
                  <a
                                    class="nav-link active"
                                    href=""
                  >
                                    Global Feed
                  </a>
</li>,
                "key": undefined,
                "nodeType": "host",
                "props": Object {
                  "children": <a
                    className="nav-link active"
                    href=""
>
                    Global Feed
</a>,
                  "className": "nav-item",
                },
                "ref": null,
                "rendered": Array [
                  Object {
                    "instance": <a
                      class="nav-link active"
                      href=""
>
                      Global Feed
</a>,
                    "key": undefined,
                    "nodeType": "host",
                    "props": Object {
                      "children": "Global Feed",
                      "className": "nav-link active",
                      "href": "",
                    },
                    "ref": null,
                    "rendered": Array [
                      "Global Feed",
                    ],
                    "type": "a",
                  },
                ],
                "type": "li",
              },
            ],
            "type": "ul",
          },
        ],
        "type": "div",
      },
      "type": [Function],
    },
  ],
  Symbol(enzyme.__options__): Object {
    "adapter": ReactSixteenAdapter {
      "options": Object {
        "enableComponentDidUpdateOnSetState": true,
      },
    },
  },
}
`;
